apiVersion: v1
kind: Pod
metadata:
  name: listed-pod2
spec:
  containers:
    - image: nginx
      name: web
      ports:
        - containerPort: 80
          name: web
          protocol: TCP
